\BOOKMARK [1][-]{section.1}{\376\377\000S\000y\000s\000t\000e\000m\000\374\000b\000e\000r\000b\000l\000i\000c\000k}{}% 1
\BOOKMARK [2][-]{subsection.1.1}{\376\377\000Z\000i\000e\000l\000s\000e\000t\000z\000u\000n\000g}{section.1}% 2
\BOOKMARK [2][-]{subsection.1.2}{\376\377\000Z\000i\000e\000l\000g\000r\000u\000p\000p\000e}{section.1}% 3
\BOOKMARK [2][-]{subsection.1.3}{\376\377\000B\000e\000n\000u\000t\000z\000e\000r\000\040\000u\000n\000d\000\040\000R\000o\000l\000l\000e\000n}{section.1}% 4
\BOOKMARK [2][-]{subsection.1.4}{\376\377\000K\000e\000r\000n\000f\000u\000n\000k\000t\000i\000o\000n\000a\000l\000i\000t\000\344\000t\000e\000n}{section.1}% 5
\BOOKMARK [1][-]{section.2}{\376\377\000U\000s\000e\000\040\000C\000a\000s\000e\000\040\000D\000i\000a\000g\000r\000a\000m\000m}{}% 6
\BOOKMARK [2][-]{subsection.2.1}{\376\377\000A\000k\000t\000e\000u\000r\000e}{section.2}% 7
\BOOKMARK [2][-]{subsection.2.2}{\376\377\000\334\000b\000e\000r\000s\000i\000c\000h\000t\000\040\000d\000e\000r\000\040\000U\000s\000e\000\040\000C\000a\000s\000e\000s}{section.2}% 8
\BOOKMARK [1][-]{section.3}{\376\377\000U\000s\000e\000\040\000C\000a\000s\000e\000\040\000B\000e\000s\000c\000h\000r\000e\000i\000b\000u\000n\000g\000e\000n}{}% 9
\BOOKMARK [2][-]{subsection.3.1}{\376\377\000U\000C\000-\0000\0001\000:\000\040\000R\000a\000u\000m\000k\000l\000i\000m\000a\000d\000a\000t\000e\000n\000\040\000e\000i\000g\000e\000n\000e\000s\000\040\000B\000\374\000r\000o\000\040\000e\000i\000n\000s\000e\000h\000e\000n}{section.3}% 10
\BOOKMARK [2][-]{subsection.3.2}{\376\377\000U\000C\000-\0000\0002\000:\000\040\000R\000a\000u\000m\000k\000l\000i\000m\000a\000d\000a\000t\000e\000n\000\040\000A\000l\000l\000g\000e\000m\000e\000i\000n\000f\000l\000\344\000c\000h\000e\000n\000\040\000e\000i\000n\000s\000e\000h\000e\000n}{section.3}% 11
\BOOKMARK [2][-]{subsection.3.3}{\376\377\000U\000C\000-\0000\0003\000:\000\040\000A\000b\000t\000e\000i\000l\000u\000n\000g\000s\000\374\000b\000e\000r\000s\000i\000c\000h\000t\000\040\000e\000i\000n\000s\000e\000h\000e\000n}{section.3}% 12
\BOOKMARK [2][-]{subsection.3.4}{\376\377\000U\000C\000-\0000\0004\000:\000\040\000G\000r\000e\000n\000z\000w\000e\000r\000t\000w\000a\000r\000n\000u\000n\000g\000\040\040\023\000\040\000A\000u\000s\000l\000\366\000s\000u\000n\000g\000\040\000u\000n\000d\000\040\000A\000n\000z\000e\000i\000g\000e}{section.3}% 13
\BOOKMARK [2][-]{subsection.3.5}{\376\377\000U\000C\000-\0000\0005\000:\000\040\000G\000r\000e\000n\000z\000w\000e\000r\000t\000e\000\040\000k\000o\000n\000f\000i\000g\000u\000r\000i\000e\000r\000e\000n}{section.3}% 14
\BOOKMARK [2][-]{subsection.3.6}{\376\377\000U\000C\000-\0000\0006\000:\000\040\000A\000b\000w\000e\000s\000e\000n\000h\000e\000i\000t\000\040\000e\000i\000n\000t\000r\000a\000g\000e\000n}{section.3}% 15
\BOOKMARK [2][-]{subsection.3.7}{\376\377\000U\000C\000-\0000\0007\000:\000\040\000G\000e\000r\000\344\000t\000e\000\040\000a\000n\000l\000e\000g\000e\000n\000\040\000u\000n\000d\000\040\000k\000o\000n\000f\000i\000g\000u\000r\000i\000e\000r\000e\000n}{section.3}% 16
\BOOKMARK [1][-]{section.4}{\376\377\000K\000l\000a\000s\000s\000e\000n\000d\000i\000a\000g\000r\000a\000m\000m\000\040\000V\0001}{}% 17
\BOOKMARK [2][-]{subsection.4.1}{\376\377\000K\000l\000a\000s\000s\000e\000n\000b\000e\000s\000c\000h\000r\000e\000i\000b\000u\000n\000g\000e\000n}{section.4}% 18
\BOOKMARK [2][-]{subsection.4.2}{\376\377\000W\000i\000c\000h\000t\000i\000g\000e\000\040\000A\000s\000s\000o\000z\000i\000a\000t\000i\000o\000n\000e\000n}{section.4}% 19
\BOOKMARK [2][-]{subsection.4.3}{\376\377\000L\000\366\000s\000c\000h\000e\000n\000\040\000v\000o\000n\000\040\000D\000a\000t\000e\000n}{section.4}% 20
\BOOKMARK [1][-]{section.5}{\376\377\000G\000U\000I\000\040\000P\000r\000o\000t\000o\000t\000y\000p}{}% 21
\BOOKMARK [2][-]{subsection.5.1}{\376\377\000L\000o\000g\000i\000n}{section.5}% 22
\BOOKMARK [2][-]{subsection.5.2}{\376\377\000D\000a\000s\000h\000b\000o\000a\000r\000d\000\040\000\050\000M\000i\000t\000a\000r\000b\000e\000i\000t\000e\000r\000:\000i\000n\000\051}{section.5}% 23
\BOOKMARK [2][-]{subsection.5.3}{\376\377\000V\000e\000r\000l\000a\000u\000f\000s\000a\000n\000s\000i\000c\000h\000t\000\040\000\050\000R\000a\000u\000m\000d\000e\000t\000a\000i\000l\000s\000\051}{section.5}% 24
\BOOKMARK [2][-]{subsection.5.4}{\376\377\000D\000a\000s\000h\000b\000o\000a\000r\000d\000\040\000\050\000A\000b\000t\000e\000i\000l\000u\000n\000g\000s\000l\000e\000i\000t\000u\000n\000g\000\051}{section.5}% 25
\BOOKMARK [2][-]{subsection.5.5}{\376\377\000D\000a\000s\000h\000b\000o\000a\000r\000d\000\040\000\050\000H\000\366\000h\000e\000r\000e\000s\000\040\000M\000a\000n\000a\000g\000e\000m\000e\000n\000t\000\051}{section.5}% 26
\BOOKMARK [2][-]{subsection.5.6}{\376\377\000K\000o\000n\000f\000i\000g\000u\000r\000a\000t\000i\000o\000n\000s\000a\000n\000s\000i\000c\000h\000t\000\040\000\050\000G\000e\000b\000\344\000u\000d\000e\000a\000d\000m\000i\000n\000\051}{section.5}% 27
\BOOKMARK [2][-]{subsection.5.7}{\376\377\000G\000e\000r\000\344\000t\000e\000m\000a\000n\000a\000g\000e\000m\000e\000n\000t\000\040\000\050\000S\000y\000s\000t\000e\000m\000a\000d\000m\000i\000n\000\051}{section.5}% 28
\BOOKMARK [1][-]{section.6}{\376\377\000P\000r\000o\000j\000e\000k\000t\000p\000l\000a\000n}{}% 29
\BOOKMARK [2][-]{subsection.6.1}{\376\377\000V\000e\000r\000a\000n\000t\000w\000o\000r\000t\000l\000i\000c\000h\000k\000e\000i\000t\000e\000n}{section.6}% 30
\BOOKMARK [2][-]{subsection.6.2}{\376\377\000M\000e\000i\000l\000e\000n\000s\000t\000e\000i\000n\000e\000\040\000u\000n\000d\000\040\000Z\000e\000i\000t\000p\000l\000a\000n}{section.6}% 31
\BOOKMARK [2][-]{subsection.6.3}{\376\377\000I\000n\000k\000r\000e\000m\000e\000n\000t\000e\000l\000l\000e\000\040\000E\000n\000t\000w\000i\000c\000k\000l\000u\000n\000g}{section.6}% 32
\BOOKMARK [2][-]{subsection.6.4}{\376\377\000Z\000u\000s\000\344\000t\000z\000l\000i\000c\000h\000e\000\040\000A\000u\000f\000g\000a\000b\000e\000n}{section.6}% 33
